[0.513s] Invoking command in '/home/mason/projects/autonomous-vehicle-ros2/ros2_ws/src/my_first_pkg': PYTHONPATH=/home/mason/projects/autonomous-vehicle-ros2/build/my_first_pkg/prefix_override:/usr/lib/python3/dist-packages/colcon_core/task/python/colcon_distutils_commands:/home/mason/projects/autonomous-vehicle-ros2/install/my_first_pkg/lib/python3.10/site-packages:${PYTHONPATH} /usr/bin/python3 -W ignore:setup.py install is deprecated -W ignore:easy_install command is deprecated setup.py egg_info --egg-base ../../../build/my_first_pkg build --build-base /home/mason/projects/autonomous-vehicle-ros2/build/my_first_pkg/build install --record /home/mason/projects/autonomous-vehicle-ros2/build/my_first_pkg/install.log --single-version-externally-managed install_data
[0.723s] running egg_info
[0.724s] creating ../../../build/my_first_pkg/my_first_pkg.egg-info
[0.724s] writing ../../../build/my_first_pkg/my_first_pkg.egg-info/PKG-INFO
[0.724s] writing dependency_links to ../../../build/my_first_pkg/my_first_pkg.egg-info/dependency_links.txt
[0.724s] writing entry points to ../../../build/my_first_pkg/my_first_pkg.egg-info/entry_points.txt
[0.724s] writing requirements to ../../../build/my_first_pkg/my_first_pkg.egg-info/requires.txt
[0.724s] writing top-level names to ../../../build/my_first_pkg/my_first_pkg.egg-info/top_level.txt
[0.725s] writing manifest file '../../../build/my_first_pkg/my_first_pkg.egg-info/SOURCES.txt'
[0.726s] reading manifest file '../../../build/my_first_pkg/my_first_pkg.egg-info/SOURCES.txt'
[0.726s] adding license file 'LICENSE'
[0.727s] writing manifest file '../../../build/my_first_pkg/my_first_pkg.egg-info/SOURCES.txt'
[0.727s] running build
[0.727s] running build_py
[0.728s] creating /home/mason/projects/autonomous-vehicle-ros2/build/my_first_pkg/build
[0.728s] creating /home/mason/projects/autonomous-vehicle-ros2/build/my_first_pkg/build/lib
[0.728s] creating /home/mason/projects/autonomous-vehicle-ros2/build/my_first_pkg/build/lib/my_first_pkg
[0.728s] copying my_first_pkg/__init__.py -> /home/mason/projects/autonomous-vehicle-ros2/build/my_first_pkg/build/lib/my_first_pkg
[0.728s] copying my_first_pkg/hello_node.py -> /home/mason/projects/autonomous-vehicle-ros2/build/my_first_pkg/build/lib/my_first_pkg
[0.728s] copying my_first_pkg/listener_node.py -> /home/mason/projects/autonomous-vehicle-ros2/build/my_first_pkg/build/lib/my_first_pkg
[0.728s] running install
[0.729s] running install_lib
[0.729s] creating /home/mason/projects/autonomous-vehicle-ros2/install/my_first_pkg/lib/python3.10/site-packages/my_first_pkg
[0.730s] copying /home/mason/projects/autonomous-vehicle-ros2/build/my_first_pkg/build/lib/my_first_pkg/__init__.py -> /home/mason/projects/autonomous-vehicle-ros2/install/my_first_pkg/lib/python3.10/site-packages/my_first_pkg
[0.730s] copying /home/mason/projects/autonomous-vehicle-ros2/build/my_first_pkg/build/lib/my_first_pkg/hello_node.py -> /home/mason/projects/autonomous-vehicle-ros2/install/my_first_pkg/lib/python3.10/site-packages/my_first_pkg
[0.730s] copying /home/mason/projects/autonomous-vehicle-ros2/build/my_first_pkg/build/lib/my_first_pkg/listener_node.py -> /home/mason/projects/autonomous-vehicle-ros2/install/my_first_pkg/lib/python3.10/site-packages/my_first_pkg
[0.730s] byte-compiling /home/mason/projects/autonomous-vehicle-ros2/install/my_first_pkg/lib/python3.10/site-packages/my_first_pkg/__init__.py to __init__.cpython-310.pyc
[0.731s] byte-compiling /home/mason/projects/autonomous-vehicle-ros2/install/my_first_pkg/lib/python3.10/site-packages/my_first_pkg/hello_node.py to hello_node.cpython-310.pyc
[0.731s] byte-compiling /home/mason/projects/autonomous-vehicle-ros2/install/my_first_pkg/lib/python3.10/site-packages/my_first_pkg/listener_node.py to listener_node.cpython-310.pyc
[0.732s] running install_data
[0.732s] creating /home/mason/projects/autonomous-vehicle-ros2/install/my_first_pkg/share/ament_index
[0.732s] creating /home/mason/projects/autonomous-vehicle-ros2/install/my_first_pkg/share/ament_index/resource_index
[0.732s] creating /home/mason/projects/autonomous-vehicle-ros2/install/my_first_pkg/share/ament_index/resource_index/packages
[0.732s] copying resource/my_first_pkg -> /home/mason/projects/autonomous-vehicle-ros2/install/my_first_pkg/share/ament_index/resource_index/packages
[0.732s] copying package.xml -> /home/mason/projects/autonomous-vehicle-ros2/install/my_first_pkg/share/my_first_pkg
[0.733s] running install_egg_info
[0.735s] Copying ../../../build/my_first_pkg/my_first_pkg.egg-info to /home/mason/projects/autonomous-vehicle-ros2/install/my_first_pkg/lib/python3.10/site-packages/my_first_pkg-0.0.0-py3.10.egg-info
[0.736s] running install_scripts
[0.755s] Installing hello_node script to /home/mason/projects/autonomous-vehicle-ros2/install/my_first_pkg/lib/my_first_pkg
[0.756s] Installing listener_node script to /home/mason/projects/autonomous-vehicle-ros2/install/my_first_pkg/lib/my_first_pkg
[0.756s] writing list of installed files to '/home/mason/projects/autonomous-vehicle-ros2/build/my_first_pkg/install.log'
[0.775s] Invoked command in '/home/mason/projects/autonomous-vehicle-ros2/ros2_ws/src/my_first_pkg' returned '0': PYTHONPATH=/home/mason/projects/autonomous-vehicle-ros2/build/my_first_pkg/prefix_override:/usr/lib/python3/dist-packages/colcon_core/task/python/colcon_distutils_commands:/home/mason/projects/autonomous-vehicle-ros2/install/my_first_pkg/lib/python3.10/site-packages:${PYTHONPATH} /usr/bin/python3 -W ignore:setup.py install is deprecated -W ignore:easy_install command is deprecated setup.py egg_info --egg-base ../../../build/my_first_pkg build --build-base /home/mason/projects/autonomous-vehicle-ros2/build/my_first_pkg/build install --record /home/mason/projects/autonomous-vehicle-ros2/build/my_first_pkg/install.log --single-version-externally-managed install_data
