[0.531s] Invoking command in '/home/mason/projects/autonomous-vehicle-ros2/ros2_ws/src/my_first_pkg': PYTHONPATH=/home/mason/projects/autonomous-vehicle-ros2/build/my_first_pkg/prefix_override:/usr/lib/python3/dist-packages/colcon_core/task/python/colcon_distutils_commands:/home/mason/projects/autonomous-vehicle-ros2/install/my_first_pkg/lib/python3.10/site-packages:${PYTHONPATH} /usr/bin/python3 -W ignore:setup.py install is deprecated -W ignore:easy_install command is deprecated setup.py egg_info --egg-base ../../../build/my_first_pkg build --build-base /home/mason/projects/autonomous-vehicle-ros2/build/my_first_pkg/build install --record /home/mason/projects/autonomous-vehicle-ros2/build/my_first_pkg/install.log --single-version-externally-managed install_data
[0.744s] running egg_info
[0.744s] writing ../../../build/my_first_pkg/my_first_pkg.egg-info/PKG-INFO
[0.745s] writing dependency_links to ../../../build/my_first_pkg/my_first_pkg.egg-info/dependency_links.txt
[0.745s] writing entry points to ../../../build/my_first_pkg/my_first_pkg.egg-info/entry_points.txt
[0.745s] writing requirements to ../../../build/my_first_pkg/my_first_pkg.egg-info/requires.txt
[0.745s] writing top-level names to ../../../build/my_first_pkg/my_first_pkg.egg-info/top_level.txt
[0.747s] reading manifest file '../../../build/my_first_pkg/my_first_pkg.egg-info/SOURCES.txt'
[0.747s] adding license file 'LICENSE'
[0.747s] writing manifest file '../../../build/my_first_pkg/my_first_pkg.egg-info/SOURCES.txt'
[0.748s] running build
[0.748s] running build_py
[0.748s] copying my_first_pkg/listener_node.py -> /home/mason/projects/autonomous-vehicle-ros2/build/my_first_pkg/build/lib/my_first_pkg
[0.748s] running install
[0.748s] running install_lib
[0.749s] copying /home/mason/projects/autonomous-vehicle-ros2/build/my_first_pkg/build/lib/my_first_pkg/listener_node.py -> /home/mason/projects/autonomous-vehicle-ros2/install/my_first_pkg/lib/python3.10/site-packages/my_first_pkg
[0.750s] byte-compiling /home/mason/projects/autonomous-vehicle-ros2/install/my_first_pkg/lib/python3.10/site-packages/my_first_pkg/listener_node.py to listener_node.cpython-310.pyc
[0.750s] running install_data
[0.750s] running install_egg_info
[0.752s] removing '/home/mason/projects/autonomous-vehicle-ros2/install/my_first_pkg/lib/python3.10/site-packages/my_first_pkg-0.0.0-py3.10.egg-info' (and everything under it)
[0.752s] Copying ../../../build/my_first_pkg/my_first_pkg.egg-info to /home/mason/projects/autonomous-vehicle-ros2/install/my_first_pkg/lib/python3.10/site-packages/my_first_pkg-0.0.0-py3.10.egg-info
[0.753s] running install_scripts
[0.771s] Installing hello_node script to /home/mason/projects/autonomous-vehicle-ros2/install/my_first_pkg/lib/my_first_pkg
[0.771s] Installing listener_node script to /home/mason/projects/autonomous-vehicle-ros2/install/my_first_pkg/lib/my_first_pkg
[0.772s] writing list of installed files to '/home/mason/projects/autonomous-vehicle-ros2/build/my_first_pkg/install.log'
[0.793s] Invoked command in '/home/mason/projects/autonomous-vehicle-ros2/ros2_ws/src/my_first_pkg' returned '0': PYTHONPATH=/home/mason/projects/autonomous-vehicle-ros2/build/my_first_pkg/prefix_override:/usr/lib/python3/dist-packages/colcon_core/task/python/colcon_distutils_commands:/home/mason/projects/autonomous-vehicle-ros2/install/my_first_pkg/lib/python3.10/site-packages:${PYTHONPATH} /usr/bin/python3 -W ignore:setup.py install is deprecated -W ignore:easy_install command is deprecated setup.py egg_info --egg-base ../../../build/my_first_pkg build --build-base /home/mason/projects/autonomous-vehicle-ros2/build/my_first_pkg/build install --record /home/mason/projects/autonomous-vehicle-ros2/build/my_first_pkg/install.log --single-version-externally-managed install_data
